➜  ACT git:(main) ✗ bash one.sh lift_bottle clean 0 train_config 50 -e

=======================================
Task  Name  : lift_bottle
Run   Config: clean
Train Config: train_config
GPU         : 0
=======================================

[INFO][AppLauncher]: Input keyword argument `livestream=2` has overridden the environment variable `LIVESTREAM=0`.
[INFO][AppLauncher]: Input keyword argument `livestream=2` has implicitly overridden the environment variable `HEADLESS=0` to True.
[INFO][AppLauncher]: Using device: cuda:0
[INFO][AppLauncher]: Loading experience file: /inspire/hdd/global_user/yangyi-253108120173/inspire_shared/mount/advanced-machine-learning-and-deep-learning-applications/cyy/Issca_lab/UniVTAC/third_party/IsaacLab/apps/isaaclab.python.rendering.kit
[Warning] [simulation_app.simulation_app] Modules: ['omni.kit_app'] were loaded before SimulationApp was started and might not be loaded correctly.
[Warning] [simulation_app.simulation_app] Please check to make sure no extra omniverse or pxr modules are imported before the call to SimulationApp(...)
Loading user config located at: '/inspire/hdd/global_user/yangyi-253108120173/inspire_shared/mount/advanced-machine-learning-and-deep-learning-applications/cyy/envs/univtac_copy/lib/python3.10/site-packages/omni/data/Kit/Isaac-Sim/4.5/user.config.json'
[Info] [carb] Logging to file: /inspire/hdd/global_user/yangyi-253108120173/inspire_shared/mount/advanced-machine-learning-and-deep-learning-applications/cyy/envs/univtac_copy/lib/python3.10/site-packages/omni/logs/Kit/Isaac-Sim/4.5/kit_20260519_005221.log
2026-05-18 16:52:21 [0ms] [Warning] [omni.kit.app.plugin] No crash reporter present, dumps uploading isn't available.
2026-05-18 16:52:21 [18ms] [Warning] [omni.ext.plugin] [ext: rendering_modes] Extensions config 'extension.toml' doesn't exist '/inspire/hdd/global_user/yangyi-253108120173/inspire_shared/mount/advanced-machine-learning-and-deep-learning-applications/cyy/Issca_lab/UniVTAC/third_party/IsaacLab/apps/rendering_modes' or '/inspire/hdd/global_user/yangyi-253108120173/inspire_shared/mount/advanced-machine-learning-and-deep-learning-applications/cyy/Issca_lab/UniVTAC/third_party/IsaacLab/apps/rendering_modes/config'
2026-05-18 16:52:22 [1,023ms] [Warning] [omni.datastore] OmniHub is inaccessible
2026-05-18 16:52:22 [1,722ms] [Warning] [carb.windowing-glfw.plugin] GLFW initialization failed.
2026-05-18 16:52:22 [1,722ms] [Warning] [carb] Failed to startup plugin carb.windowing-glfw.plugin (interfaces: [carb::windowing::IGLContext v1.0],[carb::windowing::IWindowing v1.5]) (impl: carb.windowing-glfw.plugin)
2026-05-18 16:52:22 [1,836ms] [Warning] [omni.platforminfo.plugin] failed to open the default display.  Can't verify X Server version.
2026-05-18 16:52:23 [2,165ms] [Warning] [carb.cudainterop.plugin] CUDA_VISIBLE_DEVICES environment variable is set.
2026-05-18 16:52:23 [2,165ms] [Warning] [carb.cudainterop.plugin] Note CUDA device enumeration and Omniverse device enumeration are different.
2026-05-18 16:52:23 [2,165ms] [Warning] [carb.cudainterop.plugin] Setting CUDA_VISIBLE_DEVICES can lead to undesired behavior or crashes.

|---------------------------------------------------------------------------------------------|
| Driver Version: 550.163.01    | Graphics API: Vulkan
|=============================================================================================|
| GPU | Name                             | Active | LDA | GPU Memory | Vendor-ID | LUID       |
|     |                                  |        |     |            | Device-ID | UUID       |
|     |                                  |        |     |            | Bus-ID    |            |
|---------------------------------------------------------------------------------------------|
| 0   | NVIDIA GeForce RTX 4090          | Yes: 0 |     | 49386   MB | 10de      | 0          |
|     |                                  |        |     |            | 2684      | c9b8c687.. |
|     |                                  |        |     |            | 16        |            |
|=============================================================================================|
| OS: 22.04.4 LTS (Jammy Jellyfish) ubuntu, Version: 22.04.4, Kernel: 5.15.0-141-generic
| Processor: INTEL(R) XEON(R) GOLD 6530
| Bare Metal Cores: 64 | Bare Metal Logical Cores: 128
| Core Usage Quota: 15
|---------------------------------------------------------------------------------------------|
| Total Memory (MB): 102400 | Free Memory: 62947
| Total Page/Swap (MB): 0 | Free Page/Swap: 0
|---------------------------------------------------------------------------------------------|
2026-05-18 16:52:28 [7,642ms] [Warning] [carb.windowing-glfw.plugin] GLFW initialization failed.
2026-05-18 16:52:28 [7,642ms] [Warning] [carb] Failed to startup plugin carb.windowing-glfw.plugin (interfaces: [carb::windowing::IGLContext v1.0],[carb::windowing::IWindowing v1.5]) (impl: carb.windowing-glfw.plugin)
2026-05-18 16:52:28 [7,708ms] [Warning] [carb.windowing-glfw.plugin] GLFW initialization failed.
2026-05-18 16:52:28 [7,708ms] [Warning] [carb] Failed to startup plugin carb.windowing-glfw.plugin (interfaces: [carb::windowing::IGLContext v1.0],[carb::windowing::IWindowing v1.5]) (impl: carb.windowing-glfw.plugin)
2026-05-18 16:52:28 [7,717ms] [Warning] [carb.windowing-glfw.plugin] GLFW initialization failed.
2026-05-18 16:52:28 [7,717ms] [Warning] [carb] Failed to startup plugin carb.windowing-glfw.plugin (interfaces: [carb::windowing::IGLContext v1.0],[carb::windowing::IWindowing v1.5]) (impl: carb.windowing-glfw.plugin)
2026-05-18 16:52:29 [7,983ms] [Warning] [carb.windowing-glfw.plugin] GLFW initialization failed.
2026-05-18 16:52:29 [7,983ms] [Warning] [carb] Failed to startup plugin carb.windowing-glfw.plugin (interfaces: [carb::windowing::IGLContext v1.0],[carb::windowing::IWindowing v1.5]) (impl: carb.windowing-glfw.plugin)
2026-05-18 16:52:29 [7,985ms] [Warning] [carb.windowing-glfw.plugin] GLFW initialization failed.
2026-05-18 16:52:29 [7,985ms] [Warning] [carb] Failed to startup plugin carb.windowing-glfw.plugin (interfaces: [carb::windowing::IGLContext v1.0],[carb::windowing::IWindowing v1.5]) (impl: carb.windowing-glfw.plugin)
2026-05-18 16:52:29 [7,987ms] [Warning] [carb.windowing-glfw.plugin] GLFW initialization failed.
2026-05-18 16:52:29 [7,987ms] [Warning] [carb] Failed to startup plugin carb.windowing-glfw.plugin (interfaces: [carb::windowing::IGLContext v1.0],[carb::windowing::IWindowing v1.5]) (impl: carb.windowing-glfw.plugin)
2026-05-18 16:52:32 [11,542ms] [Warning] [omni.log] Source: omni.hydra was already registered.
2026-05-18 16:52:35 [13,938ms] [Warning] [omni.isaac.dynamic_control] omni.isaac.dynamic_control is deprecated as of Isaac Sim 4.5. No action is needed from end-users.
2026-05-18 16:52:40 [19,102ms] [Warning] [omni.replicator.core.scripts.extension] No material configuration file, adding configuration to material settings directly.
2026-05-18 16:52:44 [23,721ms] [Warning] [omni.kit.menu.utils.app_menu] add_menu_items: menu [<MenuItemDescription name:'New'>, <MenuItemDescription name:'Open'>, <MenuItemDescription name:''>, <MenuItemDescription name:'Re-open with New Edit Layer'>, <MenuItemDescription name:''>, <MenuItemDescription name:'Save'>, <MenuItemDescription name:'Save With Options'>, <MenuItemDescription name:'Save As...'>, <MenuItemDescription name:'Save Flattened As...'>, <MenuItemDescription name:''>, <MenuItemDescription name:'Add Reference'>, <MenuItemDescription name:'Add Payload'>, <MenuItemDescription name:''>, <MenuItemDescription name:'Exit'>] cannot change delegate
Warning: Possible version incompatibility. Attempting to load carb::cudainterop::CudaInterop with version v0.15 against v0.14.

Failed to open [/var/run/utmp]
Active user not found. Using default user [kiosk]2026-05-18 16:52:45 [24,498ms] [Error] [carb.livestream-rtc.plugin] Stream Server: Net Stream Creation failed, 0x800E8401
2026-05-18 16:52:45 [24,498ms] [Error] [carb.livestream-rtc.plugin] Could not initialize streaming components
2026-05-18 16:52:45 [24,498ms] [Error] [carb.livestream-rtc.plugin] Couldn't initialize the capture device.
2026-05-18 16:53:00 [39,043ms] [Warning] [omni.usd-abi.plugin] No setting was found for '/rtx-defaults/ambientOcclusion/enabled'
2026-05-18 16:53:00 [39,043ms] [Warning] [omni.usd-abi.plugin] No setting was found for '/rtx-defaults/directLighting/sampledLighting/enabled'
2026-05-18 16:53:00 [39,043ms] [Warning] [omni.usd-abi.plugin] No setting was found for '/rtx-defaults/indirectDiffuse/enabled'
2026-05-18 16:53:00 [39,043ms] [Warning] [omni.usd-abi.plugin] No setting was found for '/rtx-defaults/raytracing/cached/enabled'
2026-05-18 16:53:00 [39,043ms] [Warning] [omni.usd-abi.plugin] No setting was found for '/rtx-defaults/reflections/enabled'
2026-05-18 16:53:00 [39,043ms] [Warning] [omni.usd-abi.plugin] No setting was found for '/rtx-defaults/sceneDb/ambientLightIntensity'
2026-05-18 16:53:00 [39,043ms] [Warning] [omni.usd-abi.plugin] No setting was found for '/rtx-defaults/translucency/enabled'
2026-05-18 16:53:00 [39,044ms] [Warning] [omni.usd-abi.plugin] No setting was found for '/rtx-defaults/viewTile/limit'
2026-05-18 16:53:01 [40,609ms] [Warning] [rtx.scenedb.plugin] SceneDbContext : TLAS limit buffer size 7374781440
2026-05-18 16:53:01 [40,609ms] [Warning] [rtx.scenedb.plugin] SceneDbContext : TLAS limit : valid false, within: false
2026-05-18 16:53:01 [40,609ms] [Warning] [rtx.scenedb.plugin] SceneDbContext : TLAS limit : decrement: 167690, decrement size: 7301033856
2026-05-18 16:53:01 [40,609ms] [Warning] [rtx.scenedb.plugin] SceneDbContext : New limit 9748724 (slope: 439, intercept: 13179904)
2026-05-18 16:53:01 [40,609ms] [Warning] [rtx.scenedb.plugin] SceneDbContext : TLAS limit buffer size 4287352704
2026-05-18 16:53:01 [40,609ms] [Warning] [rtx.scenedb.plugin] SceneDbContext : TLAS limit : valid true, within: true
2026-05-18 16:53:02 [41,273ms] [Warning] [omni.usd-abi.plugin] No setting was found for '/rtx-defaults/directLighting/sampledLighting/samplesPerPixel'
2026-05-18 16:53:02 [41,274ms] [Warning] [omni.usd-abi.plugin] No setting was found for '/rtx-defaults/pathtracing/maxSamplesPerLaunch'
2026-05-18 16:53:02 [41,274ms] [Warning] [omni.usd-abi.plugin] No setting was found for '/rtx-defaults-transient/meshlights/forceDisable'
2026-05-18 16:53:02 [41,533ms] [Warning] [omni.usd-abi.plugin] No setting was found for '/rtx-defaults/post/dlss/execMode'
Using camera type 'head' for task 'lift_bottle'
build_ACT_model_and_optimizer Namespace(lr=1e-05, lr_backbone=1e-05, batch_size=64, weight_decay=0.0001, epochs=300, lr_drop=200, clip_max_norm=0.1, dilation=False, pre_norm=False, masks=False, eval=False, onscreen_render=False, state_dim=8, kl_weight=10.0, chunk_size=50, hidden_dim=512, dim_feedforward=3200, temporal_agg=True, device='cuda:0', ckpt_dir='/inspire/hdd/global_user/yangyi-253108120173/inspire_shared/mount/advanced-machine-learning-and-deep-learning-applications/cyy/Issca_lab/UniVTAC/policy/ACT/act_ckpt/act-lift_bottle/clean-50/train_config', policy_class='ACT', num_steps=4000, num_epochs=1, save_freq=1000, position_embedding='sine', lr_vision_backbone=1e-05, backbone='resnet18', nheads=8, enc_layers=4, dec_layers=7, dropout=0.1, camera_names=['cam_high'], tactile_names=['tac_left', 'tac_right'], lr_tactile_backbone=1e-05, tactile_masks=False, tactile_backbone='resnet18', tactile_ckpt='encoder/checkpoints/resnet18/20251128-125750/best.pth', tactile_dilation=False, task_name='sim-lift_bottle-clean-50', task_config='clean', seed=0)
Namespace(lr=1e-05, lr_backbone=1e-05, batch_size=64, weight_decay=0.0001, epochs=300, lr_drop=200, clip_max_norm=0.1, dilation=False, pre_norm=False, masks=False, eval=False, onscreen_render=False, state_dim=8, kl_weight=10.0, chunk_size=50, hidden_dim=512, dim_feedforward=3200, temporal_agg=True, device='cuda:0', ckpt_dir='/inspire/hdd/global_user/yangyi-253108120173/inspire_shared/mount/advanced-machine-learning-and-deep-learning-applications/cyy/Issca_lab/UniVTAC/policy/ACT/act_ckpt/act-lift_bottle/clean-50/train_config', policy_class='ACT', num_steps=4000, num_epochs=1, save_freq=1000, position_embedding='sine', lr_vision_backbone=1e-05, backbone='resnet18', nheads=8, enc_layers=4, dec_layers=7, dropout=0.1, camera_names=['cam_high'], tactile_names=['tac_left', 'tac_right'], lr_tactile_backbone=1e-05, tactile_masks=False, tactile_backbone='resnet18', tactile_ckpt='encoder/checkpoints/resnet18/20251128-125750/best.pth', tactile_dilation=False, task_name='sim-lift_bottle-clean-50', task_config='clean', seed=0)
/inspire/hdd/global_user/yangyi-253108120173/inspire_shared/mount/advanced-machine-learning-and-deep-learning-applications/cyy/envs/univtac_copy/lib/python3.10/site-packages/torchvision/models/_utils.py:208: UserWarning: The parameter 'pretrained' is deprecated since 0.13 and may be removed in the future, please use 'weights' instead.
  warnings.warn(
/inspire/hdd/global_user/yangyi-253108120173/inspire_shared/mount/advanced-machine-learning-and-deep-learning-applications/cyy/envs/univtac_copy/lib/python3.10/site-packages/torchvision/models/_utils.py:223: UserWarning: Arguments other than a weight enum or `None` for 'weights' are deprecated since 0.13 and may be removed in the future. The current behavior is equivalent to passing `weights=ResNet18_Weights.IMAGENET1K_V1`. You can also use `weights=ResNet18_Weights.DEFAULT` to get the most up-to-date weights.
  warnings.warn(msg)
number of parameters: 95.58M
KL Weight 10.0
Temporal aggregation enabled with 50 queries
Loaded normalization stats from /inspire/hdd/global_user/yangyi-253108120173/inspire_shared/mount/advanced-machine-learning-and-deep-learning-applications/cyy/Issca_lab/UniVTAC/policy/ACT/act_ckpt/act-lift_bottle/clean-50/train_config/dataset_stats.pkl
current pwd: /inspire/hdd/global_user/yangyi-253108120173/inspire_shared/mount/advanced-machine-learning-and-deep-learning-applications/cyy/Issca_lab/UniVTAC
Loaded policy weights from /inspire/hdd/global_user/yangyi-253108120173/inspire_shared/mount/advanced-machine-learning-and-deep-learning-applications/cyy/Issca_lab/UniVTAC/policy/ACT/act_ckpt/act-lift_bottle/clean-50/train_config/policy_last.ckpt
Loading status: <All keys matched successfully>
ACT policy loaded from /inspire/hdd/global_user/yangyi-253108120173/inspire_shared/mount/advanced-machine-learning-and-deep-learning-applications/cyy/Issca_lab/UniVTAC/policy/ACT/act_ckpt/act-lift_bottle/clean-50/train_config
2026-05-18 16:53:21 [60,894ms] [Warning] [tacex_uipc.envs.direct_uipc_rl_env] Seed not set for the environment. The environment creation may not be deterministic.
[INFO]: Base environment:
        Environment device    : cuda:0
        Environment seed      : None
        Physics step-size     : 0.008333333333333333
        Rendering step-size   : 0.008333333333333333
        Environment step-size : 0.008333333333333333
2026-05-18 16:53:24 [63,900ms] [Warning] [isaaclab.sim.utils] Could not perform 'modify_mass_properties' on any prims under: '/World/envs/env_0/wall'. This might be because of the following reasons:
        (1) The desired attribute does not exist on any of the prims.
        (2) The desired attribute exists on an instanced prim.
                Discovered list of instanced prim paths: []
2026-05-18 16:53:25 [64,142ms] [Warning] [isaaclab.sim.utils] Could not perform 'modify_mass_properties' on any prims under: '/World/envs/env_0/bottle'. This might be because of the following reasons:
        (1) The desired attribute does not exist on any of the prims.
        (2) The desired attribute exists on an instanced prim.
                Discovered list of instanced prim paths: []
isaac_rigid_prim  /World/envs/env_.*/Robot/.*gelsight_mini_case_left
Creating Uipc x Isaac attachments for /World/envs/env_.*/Robot/.*gelsight_mini_case_left
2026-05-18 16:53:25 [64,778ms] [Warning] [omni.physx.plugin] The rigid body at /World/envs/env_0/Robot/WristCamera has a possibly invalid inertia tensor of {1.0, 1.0, 1.0} and a negative mass, small sphere approximated inertia was used. Either specify correct values in the mass properties, or add collider(s) to any shape(s) that you wish to automatically compute mass properties for.
isaac_rigid_prim  /World/envs/env_.*/Robot/.*gelsight_mini_case_right
Creating Uipc x Isaac attachments for /World/envs/env_.*/Robot/.*gelsight_mini_case_right
[INFO]: Time taken for scene creation : 5.073559 seconds
[INFO]: Scene manager:  <class UipcInteractiveScene>
        Number of environments: 1
        Environment spacing   : 1.5
        Source prim name      : /World/envs/env_0
        Global prim paths     : []
        Replicate physics     : True
[INFO]: Starting the simulation. This may take a few seconds. Please wait...
Initializing GelSight Sensor `/World/envs/env_.*/Robot/gelsight_mini_case_left`...
Initializing GelSight Sensor `/World/envs/env_.*/Robot/gelsight_mini_case_right`...
2026-05-18 16:53:45 [84,827ms] [Warning] [omni.hydra.scene_delegate.plugin] Calling getBypassRenderSkelMeshProcessing for prim /World/envs/env_0/Robot/panda_leftfinger/visuals.proto_mesh_0_id0 that has not been populated
2026-05-18 16:53:45 [84,837ms] [Warning] [omni.hydra] Mesh '/World/envs/env_0/wall/mesh' has corrupted data in primvar 'st': buffer size 36 doesn't match expected size 180 in faceVarying primvars
2026-05-18 16:53:45 [84,839ms] [Warning] [omni.hydra] Mesh '/World/envs/env_0/bottle/mesh' has corrupted data in primvar 'st': buffer size 1524 doesn't match expected size 3276 in faceVarying primvars
2026-05-18 16:53:46 [85,615ms] [Warning] [rtx.postprocessing.plugin] DLSS increasing input dimensions: Render resolution of (186, 139) is below minimal input resolution of 300.
[INFO]: Time taken for simulation start : 18.795858 seconds
Init test 
vertex_reporter i : 0
vertex_reporter i : 1
vertex_reporter i : 2
/World/envs/env_.*/wall has global id 1
/World/envs/env_.*/bottle has global id 2
/World/envs/env_.*/Robot/gelpad_left has global id 3
/World/envs/env_.*/Robot/gelpad_right has global id 4
Creating window for environment.
ManagerLiveVisualizer cannot be created for manager: action_manager, Manager does not exist
ManagerLiveVisualizer cannot be created for manager: observation_manager, Manager does not exist
[INFO]: Completed setting up the environment...
[2026-05-19 00:54:05] Task Name: lift_bottle
[2026-05-19 00:54:05] Task Config: /inspire/hdd/global_user/yangyi-253108120173/inspire_shared/mount/advanced-machine-learning-and-deep-learning-applications/cyy/Issca_lab/UniVTAC/task_config/clean.yml
[2026-05-19 00:54:05] Eval Config: {
    "policy_name": "ACT",
    "seed": 0,
    "ckpt_setting": 50,
    "instruction_type": "seen",
    "instuction_file": null,
    "task_name": "lift_bottle",
    "task_config": "clean",
    "train_config": "train_config"
}
--------------------

[2026-05-19 00:54:05] Task init finish in 43.57 seconds.
[2026-05-19 00:54:05] Policy init finish in 2.34 seconds.
Setting seed: 1000000
[2026-05-19 00:56:42] [1  ] Seed 1000000 failed after 157.06 s.     
steps: 625  , actions: 500  .
Instruction: Empty
Total 0/1(0.00%) success.
Setting seed: 1000001